["George Waters","Syd Barrett","David Gilmour","Nick Mason","Richard Wright"]